// Jest Snapshot v1, https://goo.gl/fbAQLP

exports[`Login component test Component renders successfully 1`] = `
<section>
  <div
    class="flex items-center justify-center px-4 py-10 sm:px-6 sm:py-16 lg:px-8 lg:py-24"
  >
    <div
      class="xl:mx-auto xl:w-full xl:max-w-sm 2xl:max-w-md"
    >
      <div
        class="mb-2 flex justify-center"
      >
        <h1
          class="text-4xl font-bold leading-tight text-black"
        >
          PayMe
        </h1>
      </div>
      <h2
        class="text-center text-2xl font-bold leading-tight text-black"
      >
        Sign in to your wallet
      </h2>
      <p
        class="mt-2 text-center text-sm text-gray-600"
      >
        Don't have an wallet?
        Create a free wallet
      </p>
      <form>
        <div
          class="space-y-5"
        >
          <div>
            <label
              class="text-base font-medium text-gray-900"
              for=""
            >
               
              Email address
               
            </label>
            <div
              class="mt-2"
            >
              <input
                class="flex h-10 w-full rounded-md border border-gray-300 bg-transparent px-3 py-2 text-sm placeholder:text-gray-400 focus:outline-none focus:ring-1 focus:ring-gray-400 focus:ring-offset-1 disabled:cursor-not-allowed disabled:opacity-50"
                placeholder="Email"
                type="email"
              />
            </div>
          </div>
          <div>
            <div
              class="flex items-center justify-between"
            >
              <label
                class="text-base font-medium text-gray-900"
                for=""
              >
                 
                Password
                 
              </label>
            </div>
            <div
              class="mt-2"
            >
              <input
                class="flex h-10 w-full rounded-md border border-gray-300 bg-transparent px-3 py-2 text-sm placeholder:text-gray-400 focus:outline-none focus:ring-1 focus:ring-gray-400 focus:ring-offset-1 disabled:cursor-not-allowed disabled:opacity-50"
                placeholder="Password"
                type="password"
              />
            </div>
          </div>
          <div>
            <button
              class="inline-flex w-full items-center justify-center rounded-md bg-black px-3.5 py-2.5 font-semibold leading-7 text-white hover:bg-black/80"
              type="button"
            >
              Sign In 
              <svg
                class="lucide lucide-arrow-right ml-2"
                fill="none"
                height="16"
                stroke="currentColor"
                stroke-linecap="round"
                stroke-linejoin="round"
                stroke-width="2"
                viewBox="0 0 24 24"
                width="16"
                xmlns="http://www.w3.org/2000/svg"
              >
                <path
                  d="M5 12h14"
                />
                <path
                  d="m12 5 7 7-7 7"
                />
              </svg>
            </button>
          </div>
        </div>
      </form>
      <p
        class="mt-2 text-center text-sm text-gray-600"
      >
        Go to homepage
      </p>
    </div>
  </div>
</section>
`;
